\BOOKMARK [0][-]{section*.5}{\376\377\000L\000i\000s\000t\000e\000\040\000d\000e\000s\000\040\000f\000i\000g\000u\000r\000e\000s}{}% 1
\BOOKMARK [-1][-]{part.1}{\376\377\000I\000\040\000I\000n\000t\000r\000o\000d\000u\000c\000t\000i\000o\000n}{}% 2
\BOOKMARK [0][-]{chapter.1}{\376\377\000I\000n\000\351\000g\000a\000l\000i\000t\000\351\000\040\000d\000e\000\040\000P\000o\000i\000n\000c\000a\000r\000\351\000\040\000d\000d\000f\000v\000\040\000s\000u\000r\000\040\000u\000n\000e\000\040\000s\000u\000r\000f\000a\000c\000e\000\040\000f\000e\000r\000m\000\351\000e\000\040\000s\000a\000n\000s\000\040\000b\000o\000r\000d\000\040\000d\000e\000\040\000R\0003}{part.1}% 3
\BOOKMARK [1][-]{section.1.1}{\376\377\000G\000e\000n\000e\000r\000a\000l\000i\000z\000a\000t\000i\000o\000n\000\040\000o\000f\000\040\000t\000h\000e\000\040\000d\000d\000f\000v\000\040\000m\000e\000t\000h\000o\000d\000\040\000t\000o\000\040\0002\000D\000\040\000s\000u\000r\000f\000a\000c\000e\000s\000\040\000i\000n\000\040\000R\0003\000\040\000t\000o\000m\000e\000k\000d\000i\000s\000c\000r\000e\000t\000e\0002\0000\0001\0006\000,\000\040\000t\000o\000m\000e\000k\000d\000i\000s\000c\000r\000e\000t\000e\0002\0000\0001\0009\000\040\000[\000S\000e\000c\000.\000\040\0002\000.\0001\000]\000a\000n\000d\000r\000e\000i\000a\000n\000o\000v\000d\000i\000s\000c\000r\000e\000t\000e\0002\0000\0000\0007}{chapter.1}% 4
\BOOKMARK [2][-]{subsection.1.1.1}{\376\377\000P\000r\000i\000m\000a\000l\000\040\000m\000e\000s\000h}{section.1.1}% 5
\BOOKMARK [2][-]{subsection.1.1.2}{\376\377\000D\000i\000a\000m\000o\000n\000d\000\040\000s\000e\000t}{section.1.1}% 6
\BOOKMARK [3][-]{prop.1.1.3}{\376\377\000B\000e\000n\000t\000e\000d\000\040\000d\000i\000a\000m\000o\000n\000d}{subsection.1.1.2}% 7
\BOOKMARK [2][-]{subsection.1.1.3}{\376\377\000D\000u\000a\000l\000\040\000m\000e\000s\000h}{section.1.1}% 8
\BOOKMARK [2][-]{subsection.1.1.4}{\376\377\000d\000d\000f\000v\000\040\000m\000e\000s\000h}{section.1.1}% 9
\BOOKMARK [2][-]{subsection.1.1.5}{\376\377\000N\000o\000t\000a\000t\000i\000o\000n\000s}{section.1.1}% 10
\BOOKMARK [2][-]{subsection.1.1.6}{\376\377\000U\000n\000k\000n\000o\000w\000n\000s}{section.1.1}% 11
\BOOKMARK [2][-]{subsection.1.1.7}{\376\377\000D\000i\000s\000c\000r\000e\000t\000e\000\040\000g\000r\000a\000d\000i\000e\000n\000t\000\040\000a\000n\000d\000r\000e\000i\000a\000n\000o\000v\000d\000i\000s\000c\000r\000e\000t\000e\0002\0000\0000\0007\000,\000k\000r\000e\000l\000l\000s\000c\000h\000e\000m\000a\000s\0002\0000\0001\0000}{section.1.1}% 12
\BOOKMARK [2][-]{subsection.1.1.8}{\376\377\000D\000i\000s\000c\000r\000e\000t\000e\000\040\000v\000e\000c\000t\000o\000r\000\040\000c\000u\000r\000l\000\040\000o\000p\000e\000r\000a\000t\000o\000r}{section.1.1}% 13
\BOOKMARK [2][-]{subsection.1.1.9}{\376\377\000D\000i\000s\000c\000r\000e\000t\000e\000\040\000d\000i\000v\000e\000r\000g\000e\000n\000c\000e}{section.1.1}% 14
\BOOKMARK [2][-]{subsection.1.1.10}{\376\377\000D\000i\000s\000c\000r\000e\000t\000e\000\040\000s\000c\000a\000l\000a\000r\000\040\000c\000u\000r\000l\000\040\000o\000p\000e\000r\000a\000t\000o\000r}{section.1.1}% 15
\BOOKMARK [2][-]{subsection.1.1.11}{\376\377\000D\000i\000s\000c\000r\000e\000t\000e\000\040\000G\000r\000e\000e\000n\000\040\000f\000o\000r\000m\000u\000l\000a\000e}{section.1.1}% 16
\BOOKMARK [2][-]{subsection.1.1.12}{\376\377\000R\000e\000g\000u\000l\000a\000r\000i\000t\000y\000\040\000o\000f\000\040\000m\000e\000s\000h\000e\000s}{section.1.1}% 17
\BOOKMARK [2][-]{subsection.1.1.13}{\376\377\000R\000\351\000g\000u\000l\000a\000r\000i\000t\000\351\000\040\000d\000u\000\040\000m\000a\000i\000l\000l\000a\000g\000e\000\040\000[\000p\000.\000\040\0003\0006\000]\000k\000r\000e\000l\000l\000s\000c\000h\000e\000m\000a\000s\0002\0000\0001\0000}{section.1.1}% 18
\BOOKMARK [1][-]{section.1.2}{\376\377\000P\000r\000o\000j\000e\000c\000t\000i\000o\000n}{chapter.1}% 19
\BOOKMARK [2][-]{subsection.1.2.1}{\376\377\000G\000l\000o\000b\000a\000l\000\040\000c\000o\000o\000r\000d\000i\000n\000a\000t\000e\000s}{section.1.2}% 20
\BOOKMARK [2][-]{subsection.1.2.2}{\376\377\000A\000p\000p\000r\000o\000x\000i\000m\000a\000t\000i\000o\000n\000\040\000o\000f\000\040\000g\000e\000o\000m\000e\000t\000r\000y\000\040\000[\000S\000e\000c\000.\000\040\0004\000.\0002\000]\000d\000z\000i\000u\000k\000f\000i\000n\000i\000t\000e\0002\0000\0001\0003}{section.1.2}% 21
\BOOKMARK [2][-]{subsection.1.2.3}{\376\377\000D\000i\000s\000c\000r\000e\000t\000e\000\040\000c\000h\000a\000r\000t\000s\000\040\000[\000S\000e\000c\000.\000\040\0004\000.\0003\000]\000d\000z\000i\000u\000k\000f\000i\000n\000i\000t\000e\0002\0000\0001\0003}{section.1.2}% 22
\BOOKMARK [1][-]{section.1.3}{\376\377\000T\000h\000e\000\040\000I\000s\000o\000p\000e\000r\000i\000m\000e\000t\000r\000i\000c\000\040\000P\000r\000o\000b\000l\000e\000m\000\040\000a\000n\000d\000\040\000t\000h\000e\000\040\000C\000h\000e\000e\000g\000e\000r\000\040\000C\000o\000n\000s\000t\000a\000n\000t\000\040\000[\000S\000e\000c\000.\000\040\0003\000]\000b\000e\000n\000s\000o\000n\000c\000h\000e\000e\000g\000e\000r\0002\0000\0001\0006}{chapter.1}% 23
\BOOKMARK [1][-]{section.1.4}{\376\377\000G\000r\000a\000p\000h\000e\000s}{chapter.1}% 24
\BOOKMARK [1][-]{section.1.5}{\376\377\000P\000l\000a\000n}{chapter.1}% 25
\BOOKMARK [2][-]{subsection.1.5.1}{\376\377\000\311\000t\000a\000t\000\040\000d\000e\000\040\000l\000'\000a\000r\000t}{section.1.5}% 26
\BOOKMARK [1][-]{section.1.6}{\376\377\000D\000\351\000m\000o\000n\000s\000t\000r\000a\000t\000i\000o\000n}{chapter.1}% 27
\BOOKMARK [-1][-]{part.2}{\376\377\000I\000I\000\040\000A\000p\000p\000e\000n\000d\000i\000c\000e\000s}{}% 28
\BOOKMARK [0][-]{appendix.A}{\376\377\000S\000i\000m\000p\000l\000i\000c\000i\000a\000l\000\040\000C\000o\000m\000p\000l\000e\000x\000e\000s}{part.2}% 29
\BOOKMARK [1][-]{section.A.1}{\376\377\000G\000e\000o\000m\000e\000t\000r\000i\000c\000\040\000s\000i\000m\000p\000l\000i\000c\000e\000s}{appendix.A}% 30
\BOOKMARK [2][-]{subsection.A.1.1}{\376\377\000G\000e\000o\000m\000e\000t\000r\000i\000c\000\040\000s\000i\000m\000p\000l\000i\000c\000i\000a\000l\000\040\000c\000o\000m\000p\000l\000e\000x\000e\000s}{section.A.1}% 31
\BOOKMARK [2][-]{subsection.A.1.2}{\376\377\000T\000r\000i\000a\000n\000g\000u\000l\000a\000t\000i\000o\000n\000\040\000o\000f\000\040\000a\000\040\000f\000i\000n\000i\000t\000e\000\040\000p\000o\000i\000n\000t\000\040\000s\000e\000t\000\040\000o\000f\000\040\000R\000d}{section.A.1}% 32
\BOOKMARK [2][-]{subsection.A.1.3}{\376\377\000T\000r\000i\000a\000n\000g\000u\000l\000a\000t\000i\000o\000n\000\040\000o\000f\000\040\000a\000\040\000p\000o\000l\000y\000g\000o\000n\000a\000l\000\040\000d\000o\000m\000a\000i\000n\000\040\000o\000f\000\040\000R\0002}{section.A.1}% 33
\BOOKMARK [0][-]{section*.22}{\376\377\000T\000a\000b\000l\000e\000\040\000d\000e\000s\000\040\000m\000a\000t\000i\000\350\000r\000e\000s\000\040\000d\000\351\000t\000a\000i\000l\000l\000\351\000e}{part.2}% 34
